............s...........................
----------------------------------------------------------------------
Ran 40 tests in 0.188s

OK (skipped=1)
